{ mkDerivation, amazonka-core, amazonka-test, base, bytestring, lib
, tasty, tasty-hunit, text, time, unordered-containers
}:
mkDerivation {
  pname = "amazonka-cloudwatch-logs";
  version = "1.5.0";
  sha256 = "deadbeef";
  libraryHaskellDepends = [ amazonka-core base ];
  testHaskellDepends = [
    amazonka-core amazonka-test base bytestring tasty tasty-hunit text
    time unordered-containers
  ];
  testTarget = "amazonka-cloudwatch-logs-test";
  homepage = "https://github.com/brendanhay/amazonka";
  description = "Amazon CloudWatch Logs SDK";
  license = lib.licenses.mpl20;
}
