{ mkDerivation, base, blaze-builder, blaze-markup, bytestring
, containers, HUnit, lib, QuickCheck, test-framework
, test-framework-hunit, test-framework-quickcheck2, text
}:
mkDerivation {
  pname = "blaze-html";
  version = "0.9.0.1";
  sha256 = "deadbeef";
  libraryHaskellDepends = [
    base blaze-builder blaze-markup bytestring text
  ];
  testHaskellDepends = [
    base blaze-builder blaze-markup bytestring containers HUnit
    QuickCheck test-framework test-framework-hunit
    test-framework-quickcheck2 text
  ];
  testTarget = "blaze-html-tests";
  homepage = "http://jaspervdj.be/blaze";
  description = "A blazingly fast HTML combinator library for Haskell";
  license = lib.licenses.bsd3;
}
