{ mkDerivation, base, lib, vector }:
mkDerivation {
  pname = "polynomials-bernstein";
  version = "1.1.2";
  sha256 = "deadbeef";
  libraryHaskellDepends = [ base vector ];
  description = "A solver for systems of polynomial equations in bernstein form";
  license = lib.licenses.gpl2Plus;
}
