{ mkDerivation, base, blaze-builder, bytestring, Cabal, containers
, deepseq, directory, filepath, hashable, HUnit, lib, microlens
, microlens-mtl, microlens-th, mtl, parallel, parsec, QuickCheck
, quickcheck-assertions, random, smallcheck, stm, string-qq
, terminfo, test-framework, test-framework-hunit
, test-framework-smallcheck, text, transformers, unix, utf8-string
, vector
}:
mkDerivation {
  pname = "vty";
  version = "5.19.1";
  sha256 = "deadbeef";
  isLibrary = true;
  isExecutable = true;
  libraryHaskellDepends = [
    base blaze-builder bytestring containers deepseq directory filepath
    hashable microlens microlens-mtl microlens-th mtl parallel parsec
    stm terminfo text transformers unix utf8-string vector
  ];
  executableHaskellDepends = [
    base containers microlens microlens-mtl mtl
  ];
  testHaskellDepends = [
    base blaze-builder bytestring Cabal containers deepseq HUnit
    microlens microlens-mtl mtl QuickCheck quickcheck-assertions random
    smallcheck stm string-qq terminfo test-framework
    test-framework-hunit test-framework-smallcheck text unix
    utf8-string vector
  ];
  testTarget = "verify-attribute-ops verify-using-mock-terminal verify-terminal verify-display-attributes verify-empty-image-props verify-eval-terminfo-caps verify-image-ops verify-image-trans verify-inline verify-parse-terminfo-caps verify-simple-span-generation verify-crop-span-generation verify-layers-span-generation verify-utf8-width verify-using-mock-input verify-config";
  homepage = "https://github.com/jtdaugherty/vty";
  description = "A simple terminal UI library";
  license = lib.licenses.bsd3;
}
