{ mkDerivation, ansi-terminal, base, haskell-lexer, stdenv }:
mkDerivation {
  pname = "colorize-haskell";
  version = "1.0.1";
  sha256 = "deadbeef";
  isSimpleBuild = true;
  isLibrary = true;
  isExecutable = true;
  libraryHaskellDepends = [ ansi-terminal base haskell-lexer ];
  executableHaskellDepends = [ ansi-terminal base haskell-lexer ];
  homepage = "http://github.com/yav/colorize-haskell";
  description = "Highligt Haskell source";
  license = stdenv.lib.licenses.bsd3;
}
