{ mkDerivation, base, bytestring, stdenv }:
mkDerivation {
  pname = "iconv";
  version = "0.4.1.3";
  sha256 = "deadbeef";
  isSimpleBuild = true;
  libraryHaskellDepends = [ base bytestring ];
  description = "String encoding conversion";
  license = stdenv.lib.licenses.bsd3;
}
