{ mkDerivation, base, bytestring, crypto-api, exceptions, mtl
, stdenv, tagged, transformers, transformers-compat
}:
mkDerivation {
  pname = "monadcryptorandom";
  version = "0.7.1";
  sha256 = "deadbeef";
  isSimpleBuild = true;
  libraryHaskellDepends = [
    base bytestring crypto-api exceptions mtl tagged transformers
    transformers-compat
  ];
  homepage = "https://github.com/TomMD/monadcryptorandom";
  description = "A monad for using CryptoRandomGen";
  license = stdenv.lib.licenses.bsd3;
}
