{ mkDerivation, base, bytestring, containers, criterion
, data-default, fail, HUnit, regex-base, regex-tdfa, stdenv
, tagsoup, text, vector
}:
mkDerivation {
  pname = "scalpel-core";
  version = "0.5.1";
  sha256 = "deadbeef";
  isSimpleBuild = true;
  libraryHaskellDepends = [
    base bytestring containers data-default fail regex-base regex-tdfa
    tagsoup text vector
  ];
  testHaskellDepends = [ base HUnit regex-base regex-tdfa tagsoup ];
  benchmarkHaskellDepends = [ base criterion tagsoup text ];
  homepage = "https://github.com/fimad/scalpel";
  description = "A high level web scraping library for Haskell";
  license = stdenv.lib.licenses.asl20;
}
