{ mkDerivation, base, stdenv, transformers, writer-cps-transformers
}:
mkDerivation {
  pname = "transformers-lift";
  version = "0.2.0.1";
  sha256 = "deadbeef";
  isSimpleBuild = true;
  libraryHaskellDepends = [
    base transformers writer-cps-transformers
  ];
  description = "Ad-hoc type classes for lifting";
  license = stdenv.lib.licenses.bsd3;
}
